A51 MACRO ASSEMBLER  MULTI                                                                03/11/2024 22:48:14 PAGE     1


MACRO ASSEMBLER A51 V8.2.7.0
OBJECT MODULE PLACED IN .\Objects\multi.obj
ASSEMBLER INVOKED BY: C:\Keil_v5\C51\BIN\A51.EXE multi.asm SET(SMALL) DEBUG PRINT(.\Listings\multi.lst) OBJECT(.\Objects
                      \multi.obj) EP

LOC  OBJ            LINE     SOURCE

0000 904000            1     mov dptr,#0x4000
0003 7402              2     mov a,#0x02
0005 F5F0              3     mov b,a
0007 7408              4     mov a,#0x08
0009 84                5     div ab
000A F8                6     mov r0,a
000B A9F0              7     mov r1,b
000D E9                8     mov a,r1
000E F0                9     movx @dptr,a
000F A3               10     inc dptr
0010 E8               11     mov a,r0
0011 F0               12     movx @dptr,a
                      13     end;
A51 MACRO ASSEMBLER  MULTI                                                                03/11/2024 22:48:14 PAGE     2

SYMBOL TABLE LISTING
------ ----- -------


N A M E             T Y P E  V A L U E   ATTRIBUTES

B. . . . . . . . .  D ADDR   00F0H   A   


REGISTER BANK(S) USED: 0 


ASSEMBLY COMPLETE.  0 WARNING(S), 0 ERROR(S)
