BL51 BANKED LINKER/LOCATER V6.22.4.0                                                    04/23/2024  11:53:28  PAGE 1


BL51 BANKED LINKER/LOCATER V6.22.4.0, INVOKED BY:
C:\KEIL_V5\C51\BIN\BL51.EXE .\Objects\test04.obj TO .\Objects\test03 PRINT (.\Listings\test03.m51)


INPUT MODULES INCLUDED:
  .\Objects\test04.obj (TEST04)


LINK MAP OF MODULE:  .\Objects\test03 (TEST04)


            TYPE    BASE      LENGTH    RELOCATION   SEGMENT NAME
            -----------------------------------------------------

            * * * * * * *   D A T A   M E M O R Y   * * * * * * *
            REG     0000H     0008H     ABSOLUTE     "REG BANK 0"

            * * * * * * *   C O D E   M E M O R Y   * * * * * * *
            CODE    0000H     001AH     ABSOLUTE     



SYMBOL TABLE OF MODULE:  .\Objects\test03 (TEST04)

  VALUE           TYPE          NAME
  ----------------------------------

  -------         MODULE        TEST04
  D:0082H         SYMBOL        DPL
  C:0008H         SYMBOL        NEXT
  C:0011H         SYMBOL        SKIP
  C:0000H         LINE#         65533
  C:0003H         LINE#         2
  C:0005H         LINE#         3
  C:0006H         LINE#         4
  C:0007H         LINE#         5
  C:0008H         LINE#         6
  C:0009H         LINE#         7
  C:000AH         LINE#         8
  C:000BH         LINE#         9
  C:000CH         LINE#         10
  C:000DH         LINE#         11
  C:000FH         LINE#         12
  C:0010H         LINE#         13
  C:0011H         LINE#         14
  C:0013H         LINE#         15
  C:0014H         LINE#         16
  C:0017H         LINE#         17
  C:0018H         LINE#         18
  -------         ENDMOD        TEST04

******************************************************************************
* RESTRICTED VERSION WITH 0800H BYTE CODE SIZE LIMIT; USED: 001AH BYTE ( 1%) *
******************************************************************************

Program Size: data=8.0 xdata=0 code=26
LINK/LOCATE RUN COMPLETE.  0 WARNING(S),  0 ERROR(S)
