BL51 BANKED LINKER/LOCATER V6.22.4.0                                                    04/22/2024  19:05:08  PAGE 1


BL51 BANKED LINKER/LOCATER V6.22.4.0, INVOKED BY:
C:\KEIL_V5\C51\BIN\BL51.EXE .\Objects\test01.obj TO .\Objects\test01 PRINT (.\Listings\test01.m51)


INPUT MODULES INCLUDED:
  .\Objects\test01.obj (TEST01)


LINK MAP OF MODULE:  .\Objects\test01 (TEST01)


            TYPE    BASE      LENGTH    RELOCATION   SEGMENT NAME
            -----------------------------------------------------

            * * * * * * *   D A T A   M E M O R Y   * * * * * * *
            REG     0000H     0008H     ABSOLUTE     "REG BANK 0"

            * * * * * * *   C O D E   M E M O R Y   * * * * * * *
            CODE    0000H     000DH     ABSOLUTE     



SYMBOL TABLE OF MODULE:  .\Objects\test01 (TEST01)

  VALUE           TYPE          NAME
  ----------------------------------

  -------         MODULE        TEST01
  C:0007H         SYMBOL        LOOP
  C:0000H         LINE#         65533
  C:0003H         LINE#         2
  C:0005H         LINE#         3
  C:0007H         LINE#         4
  C:0008H         LINE#         5
  C:0009H         LINE#         6
  C:000AH         LINE#         7
  C:000BH         LINE#         8
  -------         ENDMOD        TEST01

******************************************************************************
* RESTRICTED VERSION WITH 0800H BYTE CODE SIZE LIMIT; USED: 000DH BYTE ( 0%) *
******************************************************************************

Program Size: data=8.0 xdata=0 code=13
LINK/LOCATE RUN COMPLETE.  0 WARNING(S),  0 ERROR(S)
